Hello world,
This is a file!

It spans many lines.
